◇ injected env (6) from .env // tip: ⌘ custom filepath { path: '/custom/path/.env' }
◇ injected env (0) from .env // tip: ⌘ enable debugging { debug: true }
Seeded 2 firms: alice@firm-a.test/password, bob@firm-b.test/password

Running 9 tests using 1 worker

◇ injected env (0) from .env // tip: ⌁ auth for agents [www.vestauth.com]

[1/9] [chromium] › tests\e2e\phase1.spec.ts:18:5 › full Phase 1 acceptance flow on D3.1
[2/9] [chromium] › tests\e2e\phase2.spec.ts:30:5 › full Phase 2 acceptance → planning → gates → close
  1) [chromium] › tests\e2e\phase2.spec.ts:30:5 › full Phase 2 acceptance → planning → gates → close 

    Error: expect(locator).toContainText(expected) failed

    Locator: getByTestId('section-risks')
    Expected pattern: /revenue recognition/i
    Timeout: 5000ms
    Error: element(s) not found

    Call log:
      - Expect "toContainText" with timeout 5000ms
      - waiting for getByTestId('section-risks')


      118 |   await page.getByTestId("open-section-E100").click();
      119 |   await page.waitForURL("**/sections/**");
    > 120 |   await expect(page.getByTestId("section-risks")).toContainText(/revenue recognition/i);
          |                                                   ^
      121 |   await expect(page.getByTestId("section-risks")).toContainText(/Significant/i);
      122 |
      123 |   // Generate the tailored program: library steps + risk extensions auto-linked.
        at C:\Users\UltraBook 3.1\Documents\AI Projects\EA AUDIT TOOL\platform\tests\e2e\phase2.spec.ts:120:51

    Error Context: test-results\phase2-full-Phase-2-acceptance-→-planning-→-gates-→-close-chromium\error-context.md


◇ injected env (0) from .env // tip: ⌘ enable debugging { debug: true }

[3/9] [chromium] › tests\e2e\phase3.spec.ts:39:5 › Phase 3 full: import TB → lead schedule → journal → analytics → risk
  2) [chromium] › tests\e2e\phase3.spec.ts:39:5 › Phase 3 full: import TB → lead schedule → journal → analytics → risk 

    Error: expect(locator).toContainText(expected) failed

    Locator: getByTestId('potential-risks')
    Expected substring: "D4.3 variance E100"
    Timeout: 5000ms
    Error: element(s) not found

    Call log:
      - Expect "toContainText" with timeout 5000ms
      - waiting for getByTestId('potential-risks')


      120 |   await page.getByTestId("raise-E100").click();
      121 |   await page.goto(`/engagements/${current}/risks`);
    > 122 |   await expect(page.getByTestId("potential-risks")).toContainText("D4.3 variance E100");
          |                                                     ^
      123 |   await page.locator("[data-testid^=promote-]").first().click();
      124 |   await expect(page.getByTestId("risk-register")).toContainText("D4.3 variance E100");
      125 | });
        at C:\Users\UltraBook 3.1\Documents\AI Projects\EA AUDIT TOOL\platform\tests\e2e\phase3.spec.ts:122:53

    Error Context: test-results\phase3-Phase-3-full-import-9fd22--journal-→-analytics-→-risk-chromium\error-context.md


◇ injected env (0) from .env // tip: ⌘ custom filepath { path: '/custom/path/.env' }

[4/9] [chromium] › tests\e2e\phase4.spec.ts:18:5 › Phase 4: step execution → findings routing → B5 vs materiality → revise-approach
[5/9] [chromium] › tests\e2e\phase5.spec.ts:18:5 › Phase 5: engines run on demo data; projected misstatement lands in B5
[6/9] [chromium] › tests\e2e\phase6.spec.ts:18:5 › Phase 6: AR + bank confirmation cycle with exception → B5 and a non-reply → alternative
[7/9] [chromium] › tests\e2e\phase7.spec.ts:32:5 › Phase 7: gates block → complete file → issue report → archive → rollforward
  3) [chromium] › tests\e2e\phase7.spec.ts:32:5 › Phase 7: gates block → complete file → issue report → archive → rollforward 

    Error: expect(locator).toContainText(expected) failed

    Locator: getByTestId('planning-error')
    Expected pattern: /gates are not satisfied/i
    Received string:  "The engagement is not in the right phase for this action."
    Timeout: 5000ms

    Call log:
      - Expect "toContainText" with timeout 5000ms
      - waiting for getByTestId('planning-error')
        11 × locator resolved to <div role="alert" data-testid="planning-error" class="mt-4 rounded-[var(--radius-atlas-sm)] border border-line-strong bg-[var(--color-rose-soft)] px-4 py-3 text-sm text-rose">…</div>
           - unexpected value "The engagement is not in the right phase for this action."


      147 |   await page.getByTestId("report-date").fill("2026-03-31");
      148 |   await page.getByTestId("issue-report").click();
    > 149 |   await expect(page.getByTestId("planning-error")).toContainText(/gates are not satisfied/i);
          |                                                    ^
      150 |
      151 |   // Conclude the two presumed ISA 240 risks through the register.
      152 |   await page.goto(`${engagementUrl}/risks`);
        at C:\Users\UltraBook 3.1\Documents\AI Projects\EA AUDIT TOOL\platform\tests\e2e\phase7.spec.ts:149:52

    Error Context: test-results\phase7-Phase-7-gates-block-eadff-ort-→-archive-→-rollforward-chromium\error-context.md


◇ injected env (0) from .env // tip: ⌘ enable debugging { debug: true }

[8/9] [chromium] › tests\e2e\phase8.spec.ts:22:5 › Phase 8: deadlines → conventions/rapport spécial → alerte → equity → faits
[9/9] [chromium] › tests\e2e\phase9.spec.ts:18:5 › Phase 9: portal PBC round-trip + dashboards + export
  3 failed
    [chromium] › tests\e2e\phase2.spec.ts:30:5 › full Phase 2 acceptance → planning → gates → close 
    [chromium] › tests\e2e\phase3.spec.ts:39:5 › Phase 3 full: import TB → lead schedule → journal → analytics → risk 
    [chromium] › tests\e2e\phase7.spec.ts:32:5 › Phase 7: gates block → complete file → issue report → archive → rollforward 
  6 passed (1.7m)
