
> platform@0.1.0 test:e2e
> playwright test

◇ injected env (6) from .env // tip: ⌘ override existing { override: true }
◇ injected env (0) from .env // tip: ⌘ multiple files { path: ['.env.local', '.env'] }
Seeded 2 firms: alice@firm-a.test/password, bob@firm-b.test/password

Running 16 tests using 1 worker

◇ injected env (0) from .env // tip: ◈ encrypted .env [www.dotenvx.com]

[1/16] [chromium] › tests\e2e\branding.spec.ts:22:5 › firm branding: settings → themed UI + nav identity, isolated per tenant
  1) [chromium] › tests\e2e\branding.spec.ts:22:5 › firm branding: settings → themed UI + nav identity, isolated per tenant 

    Error: expect(locator).toContainText(expected) failed

    Locator: getByTestId('brand-name')
    Expected substring: "Cabinet Alpha"
    Timeout: 5000ms
    Error: element(s) not found

    Call log:
      - Expect "toContainText" with timeout 5000ms
      - waiting for getByTestId('brand-name')


      24 |   // The seed resets tenant.branding, so the default state is deterministic.
      25 |   await login(page, "alice@firm-a.test");
    > 26 |   await expect(page.getByTestId("brand-name")).toContainText("Cabinet Alpha");
         |                                                ^
      27 |
      28 |   // Save a full branding set.
      29 |   await page.goto("/settings");
        at C:\Users\UltraBook 3.1\Documents\AI Projects\EA AUDIT TOOL\platform\tests\e2e\branding.spec.ts:26:48

    Error Context: test-results\branding-firm-branding-set-649d7-dentity-isolated-per-tenant-chromium\error-context.md


◇ injected env (0) from .env // tip: ⌁ auth for agents [www.vestauth.com]

[2/16] [chromium] › tests\e2e\isolation.spec.ts:30:5 › Firm A sees only its own data on the dashboard

[WebServer] (node:15264) DeprecationWarning: Calling client.query() when the client is already executing a query is deprecated and will be removed in pg@9.0. Use async/await or an external async flow control mechanism instead.
[WebServer] (Use `node --trace-deprecation ...` to show where the warning was created)
[3/16] [chromium] › tests\e2e\isolation.spec.ts:37:5 › Firm B sees only its own data on the dashboard
[4/16] [chromium] › tests\e2e\isolation.spec.ts:44:5 › a crafted API request cannot cross tenants
[5/16] [chromium] › tests\e2e\isolation.spec.ts:56:5 › the tenant API rejects unauthenticated requests
[6/16] [chromium] › tests\e2e\notifications.spec.ts:19:5 › a notification reaches only the user it was created for
  2) [chromium] › tests\e2e\notifications.spec.ts:19:5 › a notification reaches only the user it was created for 

    Test timeout of 30000ms exceeded.

    Error: page.waitForURL: Test ended.
    =========================== logs ===========================
    waiting for navigation to "**/dashboard" until "load"
    ============================================================

      12 |   // Login lands on the most-recently-worked engagement's dashboard (or the firm
      13 |   // dashboard when the tenant has none) — both end in /dashboard.
    > 14 |   await page.waitForURL("**/dashboard");
         |              ^
      15 |   // These tests use the FIRM dashboard (send-test-notification), so go there.
      16 |   await page.goto("/dashboard");
      17 | }
        at login (C:\Users\UltraBook 3.1\Documents\AI Projects\EA AUDIT TOOL\platform\tests\e2e\notifications.spec.ts:14:14)
        at C:\Users\UltraBook 3.1\Documents\AI Projects\EA AUDIT TOOL\platform\tests\e2e\notifications.spec.ts:33:3

    Error Context: test-results\notifications-a-notificati-ccba8-the-user-it-was-created-for-chromium\error-context.md


◇ injected env (0) from .env // tip: ⌘ custom filepath { path: '/custom/path/.env' }

[7/16] [chromium] › tests\e2e\notifications.spec.ts:41:5 › marking notifications read clears the unread badge
[8/16] [chromium] › tests\e2e\phase1.spec.ts:18:5 › full Phase 1 acceptance flow on D3.1
  3) [chromium] › tests\e2e\phase1.spec.ts:18:5 › full Phase 1 acceptance flow on D3.1 ─────────────

    Error: expect(received).toBe(expected) // Object.is equality

    Expected: 200
    Received: 404

      52 |   const downloadHref = await page.getByTestId("download-current").getAttribute("href");
      53 |   const download = await page.request.get(downloadHref!);
    > 54 |   expect(download.status()).toBe(200);
         |                             ^
      55 |   const bytes = await download.body();
      56 |   expect(bytes.subarray(0, 2).toString("latin1")).toBe("PK");
      57 |   expect(bytes.length).toBeGreaterThan(2000);
        at C:\Users\UltraBook 3.1\Documents\AI Projects\EA AUDIT TOOL\platform\tests\e2e\phase1.spec.ts:54:29

    Error Context: test-results\phase1-full-Phase-1-acceptance-flow-on-D3-1-chromium\error-context.md


◇ injected env (0) from .env // tip: ◈ encrypted .env [www.dotenvx.com]

[9/16] [chromium] › tests\e2e\phase2.spec.ts:30:5 › full Phase 2 acceptance → planning → gates → close
  4) [chromium] › tests\e2e\phase2.spec.ts:30:5 › full Phase 2 acceptance → planning → gates → close 

    Error: page.goto: net::ERR_CONNECTION_REFUSED at http://localhost:3100/engagements/80ce79e4-4ed9-4ed4-a910-9727c327a8cf
    Call log:
      - navigating to "http://localhost:3100/engagements/80ce79e4-4ed9-4ed4-a910-9727c327a8cf", waiting until "load"


      19 |
      20 | async function partnerSignCode(page: Page, engagementUrl: string, code: string): Promise<void> {
    > 21 |   await page.goto(engagementUrl);
         |              ^
      22 |   await page.getByTestId(`generate-doc-${code}`).click();
      23 |   await page.waitForURL("**/documents/**");
      24 |   await page.getByTestId("sign-preparer").click();
        at partnerSignCode (C:\Users\UltraBook 3.1\Documents\AI Projects\EA AUDIT TOOL\platform\tests\e2e\phase2.spec.ts:21:14)
        at C:\Users\UltraBook 3.1\Documents\AI Projects\EA AUDIT TOOL\platform\tests\e2e\phase2.spec.ts:140:11

    Error Context: test-results\phase2-full-Phase-2-acceptance-→-planning-→-gates-→-close-chromium\error-context.md


◇ injected env (0) from .env // tip: ◈ secrets for agents [www.dotenvx.com]

[10/16] [chromium] › tests\e2e\phase3.spec.ts:36:5 › Phase 3 full: import TB → lead schedule → journal → analytics → risk
  5) [chromium] › tests\e2e\phase3.spec.ts:36:5 › Phase 3 full: import TB → lead schedule → journal → analytics → risk 

    Error: page.goto: net::ERR_CONNECTION_REFUSED at http://localhost:3100/login
    Call log:
      - navigating to "http://localhost:3100/login", waiting until "load"


      12 | async function login(page: Page): Promise<void> {
      13 |   await page.context().addCookies([{ name: "locale", value: "en", url: "http://localhost:3100" }]);
    > 14 |   await page.goto("/login");
         |              ^
      15 |   await page.fill("input[name=email]", EMAIL);
      16 |   await page.fill("input[name=password]", PASSWORD);
      17 |   await page.getByTestId("login-submit").click();
        at login (C:\Users\UltraBook 3.1\Documents\AI Projects\EA AUDIT TOOL\platform\tests\e2e\phase3.spec.ts:14:14)
        at C:\Users\UltraBook 3.1\Documents\AI Projects\EA AUDIT TOOL\platform\tests\e2e\phase3.spec.ts:38:3

    Error Context: test-results\phase3-Phase-3-full-import-9fd22--journal-→-analytics-→-risk-chromium\error-context.md


◇ injected env (0) from .env // tip: ⌘ enable debugging { debug: true }

[11/16] [chromium] › tests\e2e\phase4.spec.ts:18:5 › Phase 4: step execution → findings routing → B5 vs materiality → revise-approach
  6) [chromium] › tests\e2e\phase4.spec.ts:18:5 › Phase 4: step execution → findings routing → B5 vs materiality → revise-approach 

    Error: page.goto: net::ERR_CONNECTION_REFUSED at http://localhost:3100/login
    Call log:
      - navigating to "http://localhost:3100/login", waiting until "load"


       9 | async function login(page: Page): Promise<void> {
      10 |   await page.context().addCookies([{ name: "locale", value: "en", url: "http://localhost:3100" }]);
    > 11 |   await page.goto("/login");
         |              ^
      12 |   await page.fill("input[name=email]", EMAIL);
      13 |   await page.fill("input[name=password]", PASSWORD);
      14 |   await page.getByTestId("login-submit").click();
        at login (C:\Users\UltraBook 3.1\Documents\AI Projects\EA AUDIT TOOL\platform\tests\e2e\phase4.spec.ts:11:14)
        at C:\Users\UltraBook 3.1\Documents\AI Projects\EA AUDIT TOOL\platform\tests\e2e\phase4.spec.ts:20:3

    Error Context: test-results\phase4-Phase-4-step-execut-dcdc1-teriality-→-revise-approach-chromium\error-context.md


◇ injected env (0) from .env // tip: ◈ encrypted .env [www.dotenvx.com]

[12/16] [chromium] › tests\e2e\phase5.spec.ts:18:5 › Phase 5: engines run on demo data; projected misstatement lands in B5
  7) [chromium] › tests\e2e\phase5.spec.ts:18:5 › Phase 5: engines run on demo data; projected misstatement lands in B5 

    Error: page.goto: net::ERR_CONNECTION_REFUSED at http://localhost:3100/login
    Call log:
      - navigating to "http://localhost:3100/login", waiting until "load"


       9 | async function login(page: Page): Promise<void> {
      10 |   await page.context().addCookies([{ name: "locale", value: "en", url: "http://localhost:3100" }]);
    > 11 |   await page.goto("/login");
         |              ^
      12 |   await page.fill("input[name=email]", EMAIL);
      13 |   await page.fill("input[name=password]", PASSWORD);
      14 |   await page.getByTestId("login-submit").click();
        at login (C:\Users\UltraBook 3.1\Documents\AI Projects\EA AUDIT TOOL\platform\tests\e2e\phase5.spec.ts:11:14)
        at C:\Users\UltraBook 3.1\Documents\AI Projects\EA AUDIT TOOL\platform\tests\e2e\phase5.spec.ts:20:3

    Error Context: test-results\phase5-Phase-5-engines-run-ead0b-ed-misstatement-lands-in-B5-chromium\error-context.md


◇ injected env (0) from .env // tip: ◈ encrypted .env [www.dotenvx.com]

[13/16] [chromium] › tests\e2e\phase6.spec.ts:18:5 › Phase 6: AR + bank confirmation cycle with exception → B5 and a non-reply → alternative
  8) [chromium] › tests\e2e\phase6.spec.ts:18:5 › Phase 6: AR + bank confirmation cycle with exception → B5 and a non-reply → alternative 

    Error: page.goto: net::ERR_CONNECTION_REFUSED at http://localhost:3100/login
    Call log:
      - navigating to "http://localhost:3100/login", waiting until "load"


       9 | async function login(page: Page): Promise<void> {
      10 |   await page.context().addCookies([{ name: "locale", value: "en", url: "http://localhost:3100" }]);
    > 11 |   await page.goto("/login");
         |              ^
      12 |   await page.fill("input[name=email]", EMAIL);
      13 |   await page.fill("input[name=password]", PASSWORD);
      14 |   await page.getByTestId("login-submit").click();
        at login (C:\Users\UltraBook 3.1\Documents\AI Projects\EA AUDIT TOOL\platform\tests\e2e\phase6.spec.ts:11:14)
        at C:\Users\UltraBook 3.1\Documents\AI Projects\EA AUDIT TOOL\platform\tests\e2e\phase6.spec.ts:20:3

    Error Context: test-results\phase6-Phase-6-AR-bank-con-2d9f5-d-a-non-reply-→-alternative-chromium\error-context.md


◇ injected env (0) from .env // tip: ⌘ multiple files { path: ['.env.local', '.env'] }

[14/16] [chromium] › tests\e2e\phase7.spec.ts:32:5 › Phase 7: gates block → complete file → issue report → archive → rollforward
  9) [chromium] › tests\e2e\phase7.spec.ts:32:5 › Phase 7: gates block → complete file → issue report → archive → rollforward 

    Error: page.goto: net::ERR_CONNECTION_REFUSED at http://localhost:3100/login
    Call log:
      - navigating to "http://localhost:3100/login", waiting until "load"


      10 | async function login(page: Page): Promise<void> {
      11 |   await page.context().addCookies([{ name: "locale", value: "en", url: "http://localhost:3100" }]);
    > 12 |   await page.goto("/login");
         |              ^
      13 |   await page.fill("input[name=email]", EMAIL);
      14 |   await page.fill("input[name=password]", PASSWORD);
      15 |   await page.getByTestId("login-submit").click();
        at login (C:\Users\UltraBook 3.1\Documents\AI Projects\EA AUDIT TOOL\platform\tests\e2e\phase7.spec.ts:12:14)
        at C:\Users\UltraBook 3.1\Documents\AI Projects\EA AUDIT TOOL\platform\tests\e2e\phase7.spec.ts:34:3

    Error Context: test-results\phase7-Phase-7-gates-block-eadff-ort-→-archive-→-rollforward-chromium\error-context.md


◇ injected env (0) from .env // tip: ◈ secrets for agents [www.dotenvx.com]

[15/16] [chromium] › tests\e2e\phase8.spec.ts:22:5 › Phase 8: deadlines → conventions/rapport spécial → alerte → equity → faits
  10) [chromium] › tests\e2e\phase8.spec.ts:22:5 › Phase 8: deadlines → conventions/rapport spécial → alerte → equity → faits 

    Error: page.goto: net::ERR_CONNECTION_REFUSED at http://localhost:3100/login
    Call log:
      - navigating to "http://localhost:3100/login", waiting until "load"


      11 | async function login(page: Page): Promise<void> {
      12 |   await page.context().addCookies([{ name: "locale", value: "en", url: "http://localhost:3100" }]);
    > 13 |   await page.goto("/login");
         |              ^
      14 |   await page.fill("input[name=email]", EMAIL);
      15 |   await page.fill("input[name=password]", PASSWORD);
      16 |   await page.getByTestId("login-submit").click();
        at login (C:\Users\UltraBook 3.1\Documents\AI Projects\EA AUDIT TOOL\platform\tests\e2e\phase8.spec.ts:13:14)
        at C:\Users\UltraBook 3.1\Documents\AI Projects\EA AUDIT TOOL\platform\tests\e2e\phase8.spec.ts:24:3

    Error Context: test-results\phase8-Phase-8-deadlines-→-bc77a-l-→-alerte-→-equity-→-faits-chromium\error-context.md


◇ injected env (0) from .env // tip: ⌘ suppress logs { quiet: true }

[16/16] [chromium] › tests\e2e\phase9.spec.ts:18:5 › Phase 9: portal PBC round-trip + dashboards + export
  11) [chromium] › tests\e2e\phase9.spec.ts:18:5 › Phase 9: portal PBC round-trip + dashboards + export 

    Error: page.goto: net::ERR_CONNECTION_REFUSED at http://localhost:3100/login
    Call log:
      - navigating to "http://localhost:3100/login", waiting until "load"


      10 | async function login(page: Page, email: string, password: string): Promise<void> {
      11 |   await page.context().addCookies([{ name: "locale", value: "en", url: "http://localhost:3100" }]);
    > 12 |   await page.goto("/login");
         |              ^
      13 |   await page.fill("input[name=email]", email);
      14 |   await page.fill("input[name=password]", password);
      15 |   await page.getByTestId("login-submit").click();
        at login (C:\Users\UltraBook 3.1\Documents\AI Projects\EA AUDIT TOOL\platform\tests\e2e\phase9.spec.ts:12:14)
        at C:\Users\UltraBook 3.1\Documents\AI Projects\EA AUDIT TOOL\platform\tests\e2e\phase9.spec.ts:20:3

    Error Context: test-results\phase9-Phase-9-portal-PBC-round-trip-dashboards-export-chromium\error-context.md


  11 failed
    [chromium] › tests\e2e\branding.spec.ts:22:5 › firm branding: settings → themed UI + nav identity, isolated per tenant 
    [chromium] › tests\e2e\notifications.spec.ts:19:5 › a notification reaches only the user it was created for 
    [chromium] › tests\e2e\phase1.spec.ts:18:5 › full Phase 1 acceptance flow on D3.1 ──────────────
    [chromium] › tests\e2e\phase2.spec.ts:30:5 › full Phase 2 acceptance → planning → gates → close 
    [chromium] › tests\e2e\phase3.spec.ts:36:5 › Phase 3 full: import TB → lead schedule → journal → analytics → risk 
    [chromium] › tests\e2e\phase4.spec.ts:18:5 › Phase 4: step execution → findings routing → B5 vs materiality → revise-approach 
    [chromium] › tests\e2e\phase5.spec.ts:18:5 › Phase 5: engines run on demo data; projected misstatement lands in B5 
    [chromium] › tests\e2e\phase6.spec.ts:18:5 › Phase 6: AR + bank confirmation cycle with exception → B5 and a non-reply → alternative 
    [chromium] › tests\e2e\phase7.spec.ts:32:5 › Phase 7: gates block → complete file → issue report → archive → rollforward 
    [chromium] › tests\e2e\phase8.spec.ts:22:5 › Phase 8: deadlines → conventions/rapport spécial → alerte → equity → faits 
    [chromium] › tests\e2e\phase9.spec.ts:18:5 › Phase 9: portal PBC round-trip + dashboards + export 
  5 passed (7.6m)
