◇ injected env (6) from .env // tip: ⌘ override existing { override: true }
◇ injected env (0) from .env // tip: ⌘ multiple files { path: ['.env.local', '.env'] }
Seeded 2 firms: alice@firm-a.test/password, bob@firm-b.test/password

Running 7 tests using 1 worker

◇ injected env (0) from .env // tip: ⌘ multiple files { path: ['.env.local', '.env'] }

[1/7] [chromium] › tests\e2e\branding.spec.ts:22:5 › firm branding: settings → themed UI + nav identity, isolated per tenant
  1) [chromium] › tests\e2e\branding.spec.ts:22:5 › firm branding: settings → themed UI + nav identity, isolated per tenant 

    Test timeout of 180000ms exceeded.

    Error: page.fill: Test timeout of 180000ms exceeded.
    Call log:
      - waiting for locator('input[name=email]')


      14 |   await page.request.get("/api/auth/csrf");
      15 |   await page.goto("/login");
    > 16 |   await page.fill("input[name=email]", email);
         |              ^
      17 |   await page.fill("input[name=password]", "password");
      18 |   await page.getByTestId("login-submit").click();
      19 |   await page.waitForURL("**/dashboard");
        at login (C:\Users\UltraBook 3.1\Documents\AI Projects\EA AUDIT TOOL\platform\tests\e2e\branding.spec.ts:16:14)
        at C:\Users\UltraBook 3.1\Documents\AI Projects\EA AUDIT TOOL\platform\tests\e2e\branding.spec.ts:67:3

    Error Context: test-results\branding-firm-branding-set-649d7-dentity-isolated-per-tenant-chromium\error-context.md


◇ injected env (0) from .env // tip: ◈ encrypted .env [www.dotenvx.com]

[2/7] [chromium] › tests\e2e\isolation.spec.ts:30:5 › Firm A sees only its own data on the dashboard
  2) [chromium] › tests\e2e\isolation.spec.ts:30:5 › Firm A sees only its own data on the dashboard 

    Error: expect(locator).toContainText(expected) failed

    Locator: getByTestId('firm-notes')
    Expected substring: "Alpha confidential"
    Timeout: 5000ms
    Error: element(s) not found

    Call log:
      - Expect "toContainText" with timeout 5000ms
      - waiting for getByTestId('firm-notes')


      31 |   await login(page, FIRM_A.email);
      32 |   const notes = page.getByTestId("firm-notes");
    > 33 |   await expect(notes).toContainText(FIRM_A.note);
         |                       ^
      34 |   await expect(notes).not.toContainText(FIRM_B.note);
      35 | });
      36 |
        at C:\Users\UltraBook 3.1\Documents\AI Projects\EA AUDIT TOOL\platform\tests\e2e\isolation.spec.ts:33:23

    Error Context: test-results\isolation-Firm-A-sees-only-its-own-data-on-the-dashboard-chromium\error-context.md


◇ injected env (0) from .env // tip: ◈ secrets for agents [www.dotenvx.com]

[3/7] [chromium] › tests\e2e\isolation.spec.ts:37:5 › Firm B sees only its own data on the dashboard
  3) [chromium] › tests\e2e\isolation.spec.ts:37:5 › Firm B sees only its own data on the dashboard 

    Error: expect(locator).toContainText(expected) failed

    Locator: getByTestId('firm-notes')
    Expected substring: "Beta confidential"
    Timeout: 5000ms
    Error: element(s) not found

    Call log:
      - Expect "toContainText" with timeout 5000ms
      - waiting for getByTestId('firm-notes')


      38 |   await login(page, FIRM_B.email);
      39 |   const notes = page.getByTestId("firm-notes");
    > 40 |   await expect(notes).toContainText(FIRM_B.note);
         |                       ^
      41 |   await expect(notes).not.toContainText(FIRM_A.note);
      42 | });
      43 |
        at C:\Users\UltraBook 3.1\Documents\AI Projects\EA AUDIT TOOL\platform\tests\e2e\isolation.spec.ts:40:23

    Error Context: test-results\isolation-Firm-B-sees-only-its-own-data-on-the-dashboard-chromium\error-context.md


◇ injected env (0) from .env // tip: ⌘ custom filepath { path: '/custom/path/.env' }

[4/7] [chromium] › tests\e2e\isolation.spec.ts:44:5 › a crafted API request cannot cross tenants
[5/7] [chromium] › tests\e2e\isolation.spec.ts:56:5 › the tenant API rejects unauthenticated requests
[6/7] [chromium] › tests\e2e\notifications.spec.ts:19:5 › a notification reaches only the user it was created for
  4) [chromium] › tests\e2e\notifications.spec.ts:19:5 › a notification reaches only the user it was created for 

    Test timeout of 30000ms exceeded.

    Error: locator.click: Test ended.
    Call log:
      - waiting for getByTestId('send-test-notification')


      22 |   const alice = await aliceContext.newPage();
      23 |   await login(alice, FIRM_A_EMAIL);
    > 24 |   await alice.getByTestId("send-test-notification").click();
         |                                                     ^
      25 |   await expect(alice.getByTestId("unread-badge")).toHaveText("1");
      26 |
      27 |   await alice.goto("/notifications");
        at C:\Users\UltraBook 3.1\Documents\AI Projects\EA AUDIT TOOL\platform\tests\e2e\notifications.spec.ts:24:53

    Error Context: test-results\notifications-a-notificati-ccba8-the-user-it-was-created-for-chromium\error-context.md


◇ injected env (0) from .env // tip: ⌘ enable debugging { debug: true }

[7/7] [chromium] › tests\e2e\notifications.spec.ts:41:5 › marking notifications read clears the unread badge
  5) [chromium] › tests\e2e\notifications.spec.ts:41:5 › marking notifications read clears the unread badge 

    Test timeout of 30000ms exceeded.

    Error: locator.click: Test timeout of 30000ms exceeded.
    Call log:
      - waiting for getByTestId('send-test-notification')


      41 | test("marking notifications read clears the unread badge", async ({ page }) => {
      42 |   await login(page, FIRM_A_EMAIL);
    > 43 |   await page.getByTestId("send-test-notification").click();
         |                                                    ^
      44 |   await page.goto("/notifications");
      45 |
      46 |   // Clear every unread notification (other tests may have left some behind).
        at C:\Users\UltraBook 3.1\Documents\AI Projects\EA AUDIT TOOL\platform\tests\e2e\notifications.spec.ts:43:52

    Error Context: test-results\notifications-marking-noti-530b3-ead-clears-the-unread-badge-chromium\error-context.md


  5 failed
    [chromium] › tests\e2e\branding.spec.ts:22:5 › firm branding: settings → themed UI + nav identity, isolated per tenant 
    [chromium] › tests\e2e\isolation.spec.ts:30:5 › Firm A sees only its own data on the dashboard ─
    [chromium] › tests\e2e\isolation.spec.ts:37:5 › Firm B sees only its own data on the dashboard ─
    [chromium] › tests\e2e\notifications.spec.ts:19:5 › a notification reaches only the user it was created for 
    [chromium] › tests\e2e\notifications.spec.ts:41:5 › marking notifications read clears the unread badge 
  2 passed (4.5m)
