◇ injected env (6) from .env // tip: ◈ encrypted .env [www.dotenvx.com]
◇ injected env (0) from .env // tip: ⌘ suppress logs { quiet: true }
Seeded 2 firms: alice@firm-a.test/password, bob@firm-b.test/password

Running 9 tests using 1 worker

◇ injected env (0) from .env // tip: ⌁ auth for agents [www.vestauth.com]

[1/9] [chromium] › tests\e2e\phase1.spec.ts:18:5 › full Phase 1 acceptance flow on D3.1
[2/9] [chromium] › tests\e2e\phase2.spec.ts:30:5 › full Phase 2 acceptance → planning → gates → close
[3/9] [chromium] › tests\e2e\phase3.spec.ts:38:5 › Phase 3 full: import TB → lead schedule → journal → analytics → risk
[4/9] [chromium] › tests\e2e\phase4.spec.ts:18:5 › Phase 4: step execution → findings routing → B5 vs materiality → revise-approach
  1) [chromium] › tests\e2e\phase4.spec.ts:18:5 › Phase 4: step execution → findings routing → B5 vs materiality → revise-approach 

    Test timeout of 300000ms exceeded.

    Error: locator.click: Test timeout of 300000ms exceeded.
    Call log:
      - waiting for getByTestId('approve-materiality')


      44 |   await page.getByTestId("materiality-justification").fill("Revenue.");
      45 |   await page.getByTestId("create-materiality").click();
    > 46 |   await page.getByTestId("approve-materiality").click();
         |                                                 ^
      47 |
      48 |   // E110 workspace: add a step and complete it with a conclusion (4.2).
      49 |   await page.goto(engagementUrl);
        at C:\Users\UltraBook 3.1\Documents\AI Projects\EA AUDIT TOOL\platform\tests\e2e\phase4.spec.ts:46:49

    Error Context: test-results\phase4-Phase-4-step-execut-dcdc1-teriality-→-revise-approach-chromium\error-context.md


◇ injected env (0) from .env // tip: ⌁ auth for agents [www.vestauth.com]

[5/9] [chromium] › tests\e2e\phase5.spec.ts:18:5 › Phase 5: engines run on demo data; projected misstatement lands in B5
[6/9] [chromium] › tests\e2e\phase6.spec.ts:18:5 › Phase 6: AR + bank confirmation cycle with exception → B5 and a non-reply → alternative
[7/9] [chromium] › tests\e2e\phase7.spec.ts:32:5 › Phase 7: gates block → complete file → issue report → archive → rollforward
[8/9] [chromium] › tests\e2e\phase8.spec.ts:22:5 › Phase 8: deadlines → conventions/rapport spécial → alerte → equity → faits
[9/9] [chromium] › tests\e2e\phase9.spec.ts:18:5 › Phase 9: portal PBC round-trip + dashboards + export
  Slow test file: [chromium] › tests\e2e\phase4.spec.ts (12.8m)
  Consider running tests from slow files in parallel. See: https://playwright.dev/docs/test-parallel
  1 failed
    [chromium] › tests\e2e\phase4.spec.ts:18:5 › Phase 4: step execution → findings routing → B5 vs materiality → revise-approach 
  8 passed (15.0m)
